// Jest Snapshot v1, https://goo.gl/fbAQLP

exports[`App renders without crashing 1`] = `
<div
  className="App"
>
  <Quiz
    randomQuestions={
      Object {
        "possibleAnswers": Array [
          Object {
            "answer": "Joanne Kathleen",
            "correctAnswer": true,
          },
          Object {
            "answer": "Jane Kathleen",
            "correctAnswer": false,
          },
          Object {
            "answer": "Jody Katie",
            "correctAnswer": false,
          },
          Object {
            "answer": "Joanne Katie",
            "correctAnswer": false,
          },
        ],
        "question": "What do the initials J.K. Rowling stand for?",
      }
    }
  />
</div>
`;
